Microchip MPLAB XC8 Compiler V2.46

Linker command line:

-W-3 \
  --edf=C:\Program Files\Microchip\xc8\v2.46\pic\dat\20240104201356_en.msgs \
  -cn -h+dist/default/debug\code.debug.sym \
  --cmf=dist/default/debug\code.debug.cmf -z -Q18F4620 \
  -oC:\Users\ah427\AppData\Local\Temp\xcAs8qs.\driver_tmp_3.o \
  --defsym=__MPLAB_BUILD=1 --fixupoverflow=error \
  -Mdist/default/debug/code.debug.map \
  --md=C:\Users\ah427\AppData\Local\Temp\xcAs8qs.\driver_tmp_0.dat -E1 \
  -ver=XC8 Compiler --acfsm=1493 -ACODE=00h-0FFFFh -ACONST=00h-0FFFFh \
  -ASMALLCONST=01000h-010FFhx240 -AMEDIUMCONST=01000h-0FFFFh \
  -ACOMRAM=01h-07Fh -AABS1=00h-0F7Fh -ABIGRAM=01h-0F7Fh \
  -ARAM=080h-0FFh,0100h-01FFhx14,0F00h-0F7Fh -ABANK0=080h-0FFh \
  -ABANK1=0100h-01FFh -ABANK2=0200h-02FFh -ABANK3=0300h-03FFh \
  -ABANK4=0400h-04FFh -ABANK5=0500h-05FFh -ABANK6=0600h-06FFh \
  -ABANK7=0700h-07FFh -ABANK8=0800h-08FFh -ABANK9=0900h-09FFh \
  -ABANK10=0A00h-0AFFh -ABANK11=0B00h-0BFFh -ABANK12=0C00h-0CFFh \
  -ABANK13=0D00h-0DFFh -ABANK14=0E00h-0EFFh -ABANK15=0F00h-0F7Fh \
  -ASFR=0F80h-0FFFh -ABIGSFR=0F80h-0FFFh -ACONFIG=0300000h-030000Dh \
  -AIDLOC=0200000h-0200007h -AEEDATA=0F00000h-0F003FFh -peeprom_data=EEDATA \
  -preset_vec=00h,intcode=8h,intcodelo,powerup,init -pramtop=01000h \
  -psmallconst=SMALLCONST -pmediumconst=MEDIUMCONST -pconst=CONST \
  -AFARRAM=00h-00h \
  -prdata=COMRAM,nvrram=COMRAM,nvbit=COMRAM,rbss=COMRAM,rbit=COMRAM \
  -pfarbss=FARRAM,fardata=FARRAM,nvFARRAM=FARRAM \
  -pintsave_regs=BIGRAM,bigbss=BIGRAM,bigdata=BIGRAM -pbss=RAM \
  -pidata=CODE,irdata=CODE,ibigdata=CODE,ifardata=CODE -prparam=COMRAM \
  C:\Users\ah427\AppData\Local\Temp\xcAs8qs.\driver_tmp_9.o \
  dist/default/debug\code.debug.o 

Object code version is 3.11

Machine type is 18F4620



                Name                               Link     Load   Length Selector   Space Scale
C:\Users\ah427\AppData\Local\Temp\xcAs8qs.\driver_tmp_9.o
                init                                  E        E        4        4       0
                reset_vec                             0        0        4        0       0
dist/default/debug\code.debug.o
                intcode                               8        8        6        4       0
                temp                                 45       45        1        1       1
                smallconst                         1000     1000        2      800       0
                text10                             12E8     12E8        C      801       0
                text9                              12DC     12DC        C      801       0
                text8                              12F4     12F4        8      801       0
                text7                              12FC     12FC        6      801       0
                text6                              1234     1234       38      801       0
                intcode_body                       1002     1002       96      801       0
                text4                              11A2     11A2       58      801       0
                text3                              112C     112C       76      801       0
                text2                              1098     1098       94      801       0
                text1                              129A     129A       24      801       0
                text0                              126C     126C       2E      801       0
                cstackCOMRAM                         3B       3B        A        1       1
                dataCOMRAM                            1        1       1E        1       1
                bssCOMRAM                            1F       1F       1C        1       1
                cinit                              11FA     11FA       3A      801       0
                idataCOMRAM                        12BE     12BE       1E      801       0

TOTAL           Name                               Link     Load   Length     Space
        CLASS   CODE           
                intcode                               8        8        6         0
                init                                  E        E        4         0
                reset_vec                             0        0        4         0
                text10                             12E8     12E8        C         0
                text9                              12DC     12DC        C         0
                text8                              12F4     12F4        8         0
                text7                              12FC     12FC        6         0
                text6                              1234     1234       38         0
                intcode_body                       1002     1002       96         0
                text4                              11A2     11A2       58         0
                text3                              112C     112C       76         0
                text2                              1098     1098       94         0
                text1                              129A     129A       24         0
                text0                              126C     126C       2E         0
                cinit                              11FA     11FA       3A         0
                idataCOMRAM                        12BE     12BE       1E         0

        CLASS   CONST          

        CLASS   SMALLCONST     
                smallconst                         1000     1000        2         0

        CLASS   MEDIUMCONST    

        CLASS   COMRAM         
                temp                                 45       45        1         1
                cstackCOMRAM                         3B       3B        A         1
                dataCOMRAM                            1        1       1E         1
                bssCOMRAM                            1F       1F       1C         1

        CLASS   ABS1           

        CLASS   BIGRAM         

        CLASS   RAM            

        CLASS   BANK0          

        CLASS   BANK1          

        CLASS   BANK2          

        CLASS   BANK3          

        CLASS   BANK4          

        CLASS   BANK5          

        CLASS   BANK6          

        CLASS   BANK7          

        CLASS   BANK8          

        CLASS   BANK9          

        CLASS   BANK10         

        CLASS   BANK11         

        CLASS   BANK12         

        CLASS   BANK13         

        CLASS   BANK14         

        CLASS   BANK15         

        CLASS   SFR            

        CLASS   BIGSFR         

        CLASS   CONFIG         

        CLASS   IDLOC          

        CLASS   EEDATA         

        CLASS   FARRAM         

        CLASS   HEAP           

        CLASS   STACK          



SEGMENTS        Name                           Load    Length   Top    Selector   Space  Class

                reset_vec                      000000  000004  000004         0       0  CODE    
                dataCOMRAM                     000001  000045  000046         1       1  COMRAM  
                intcode                        000008  00000A  000012         4       0  CODE    
                smallconst                     001000  000002  001002       800       0  SMALLCON
                intcode_body                   001002  000300  001302       801       0  CODE    


UNUSED ADDRESS RANGES

        Name                Unused          Largest block    Delta
        BANK0            0080-00FF             80
        BANK1            0100-01FF            100
        BANK10           0A00-0AFF            100
        BANK11           0B00-0BFF            100
        BANK12           0C00-0CFF            100
        BANK13           0D00-0DFF            100
        BANK14           0E00-0EFF            100
        BANK15           0F00-0F7F             80
        BANK2            0200-02FF            100
        BANK3            0300-03FF            100
        BANK4            0400-04FF            100
        BANK5            0500-05FF            100
        BANK6            0600-06FF            100
        BANK7            0700-07FF            100
        BANK8            0800-08FF            100
        BANK9            0900-09FF            100
        BIGRAM           0046-0F7F            F3A
        BIGSFR           0F80-0FFF             80
        CODE             0004-0007              4
                         0012-0FFF            FEE
                         1302-FFFF           ECFE
        COMRAM           0046-007F             3A
        CONFIG           300000-30000D              E
        CONST            0004-0007              4
                         0012-0FFF            FEE
                         1302-FFFF           ECFE
        EEDATA           F00000-F003FF            400
        IDLOC            200000-200007              8
        MEDIUMCONST      1302-FFFF           ECFE
        RAM              0080-0F7F            100
        SFR              0F80-0FFF             80
        SMALLCONST       1302-FFFF            100

                                  Symbol Table

Led_Init@F2736                          bssCOMRAM    0032
Led_Off@F2746                           bssCOMRAM    0030
Led_On@F2741                            bssCOMRAM    0031
Led_Toggle@F2751                        bssCOMRAM    002F
Timer3_Init@_tmr                        cstackCOMRAM 003E
Timer3_Read@_tmr                        cstackCOMRAM 003D
Timer3_Read@tmr_high                    cstackCOMRAM 0042
Timer3_Read@tmr_low                     cstackCOMRAM 0041
Timer3_Read@value                       cstackCOMRAM 003E
_INTCONbits                             (abs)        0FF2
_ISR_TMR0                               text10       12E8
_ISR_TMR1                               text9        12DC
_ISR_TMR2                               text8        12F4
_ISR_TMR3                               text6        1234
_InterruptHandler                       bssCOMRAM    002D
_InterruptHandler@mcal_tmr1$F663        bssCOMRAM    0029
_InterruptManager                       intcode      0008
_LATA                                   (abs)        0F89
_LATB                                   (abs)        0F8A
_LATC                                   (abs)        0F8B
_LATD                                   (abs)        0F8C
_LATE                                   (abs)        0F8D
_PIE1bits                               (abs)        0F9D
_PIE2bits                               (abs)        0FA0
_PIR1bits                               (abs)        0F9E
_PIR2bits                               (abs)        0FA1
_PORTA                                  (abs)        0F80
_PORTB                                  (abs)        0F81
_PORTC                                  (abs)        0F82
_PORTD                                  (abs)        0F83
_PORTE                                  (abs)        0F84
_T0CONbits                              (abs)        0FD5
_T1CONbits                              (abs)        0FCD
_T2CONbits                              (abs)        0FCA
_T3CONbits                              (abs)        0FB1
_TMR0H                                  (abs)        0FD7
_TMR0L                                  (abs)        0FD6
_TMR1H                                  (abs)        0FCF
_TMR1L                                  (abs)        0FCE
_TMR2                                   (abs)        0FCC
_TMR3H                                  (abs)        0FB3
_TMR3L                                  (abs)        0FB2
_TRISA                                  (abs)        0F92
_TRISB                                  (abs)        0F93
_TRISC                                  (abs)        0F94
_TRISD                                  (abs)        0F95
_TRISE                                  (abs)        0F96
_Timer3_Init                            text2        1098
_Timer3_Read                            text4        11A2
_Tmr3_InterruptHandler                  bssCOMRAM    0021
__HRAM                                  (abs)        0000
__H__absolute__                         __absolute__ 0000
__Habs1                                 abs1         0000
__Hbank0                                bank0        0000
__Hbank1                                bank1        0000
__Hbank10                               bank10       0000
__Hbank11                               bank11       0000
__Hbank12                               bank12       0000
__Hbank13                               bank13       0000
__Hbank14                               bank14       0000
__Hbank15                               bank15       0000
__Hbank2                                bank2        0000
__Hbank3                                bank3        0000
__Hbank4                                bank4        0000
__Hbank5                                bank5        0000
__Hbank6                                bank6        0000
__Hbank7                                bank7        0000
__Hbank8                                bank8        0000
__Hbank9                                bank9        0000
__Hbigbss                               bigbss       0000
__Hbigdata                              bigdata      0000
__Hbigram                               bigram       0000
__Hbigsfr                               bigsfr       0000
__Hbss                                  bss          0000
__HbssCOMRAM                            bssCOMRAM    0000
__Hcinit                                cinit        0000
__Hclrtext                              clrtext      0000
__Hcomram                               comram       0000
__Hconfig                               config       0000
__Hconst                                const        0000
__HcstackCOMRAM                         cstackCOMRAM 0000
__Hdata                                 data         0000
__HdataCOMRAM                           dataCOMRAM   0000
__Heeprom_data                          eeprom_data  0000
__Hfarbss                               farbss       0000
__Hfardata                              fardata      0000
__Hheap                                 heap         0000
__Hibigdata                             ibigdata     0000
__Hidata                                idata        0000
__HidataCOMRAM                          idataCOMRAM  0000
__Hidloc                                idloc        0000
__Hifardata                             ifardata     0000
__Hinit                                 init         0012
__Hintcode                              intcode      000E
__Hintcode_body                         intcode_body 0000
__Hintcodelo                            intcodelo    000E
__Hintentry                             intentry     0000
__Hintret                               intret       0000
__Hintsave_regs                         intsave_regs 0000
__Hirdata                               irdata       0000
__Hmediumconst                          mediumconst  0000
__HnvFARRAM                             nvFARRAM     0000
__Hnvbit                                nvbit        0000
__Hnvrram                               nvrram       0000
__Hparam                                rparam       0000
__Hpowerup                              powerup      000E
__Hram                                  ram          0000
__Hramtop                               ramtop       1000
__Hrbit                                 rbit         0000
__Hrbss                                 rbss         0000
__Hrdata                                rdata        0000
__Hreset_vec                            reset_vec    0004
__Hrparam                               rparam       0000
__Hsfr                                  sfr          0000
__Hsivt_hi                              sivt_hi      0000
__Hsivt_lo                              sivt_lo      0000
__Hsmallconst                           smallconst   1002
__Hspace_0                              (abs)        1302
__Hspace_1                              (abs)        0046
__Hspace_2                              (abs)        0000
__Hspace_4                              (abs)        0000
__Hstack                                stack        0000
__Hstruct                               struct       0000
__Htemp                                 temp         0046
__Htext                                 text         0000
__Htext0                                text0        0000
__Htext1                                text1        0000
__Htext10                               text10       0000
__Htext2                                text2        0000
__Htext3                                text3        0000
__Htext4                                text4        0000
__Htext6                                text6        0000
__Htext7                                text7        0000
__Htext8                                text8        0000
__Htext9                                text9        0000
__LRAM                                  (abs)        0001
__L__absolute__                         __absolute__ 0000
__Labs1                                 abs1         0000
__Lbank0                                bank0        0000
__Lbank1                                bank1        0000
__Lbank10                               bank10       0000
__Lbank11                               bank11       0000
__Lbank12                               bank12       0000
__Lbank13                               bank13       0000
__Lbank14                               bank14       0000
__Lbank15                               bank15       0000
__Lbank2                                bank2        0000
__Lbank3                                bank3        0000
__Lbank4                                bank4        0000
__Lbank5                                bank5        0000
__Lbank6                                bank6        0000
__Lbank7                                bank7        0000
__Lbank8                                bank8        0000
__Lbank9                                bank9        0000
__Lbigbss                               bigbss       0000
__Lbigdata                              bigdata      0000
__Lbigram                               bigram       0000
__Lbigsfr                               bigsfr       0000
__Lbss                                  bss          0000
__LbssCOMRAM                            bssCOMRAM    0000
__Lcinit                                cinit        0000
__Lclrtext                              clrtext      0000
__Lcomram                               comram       0000
__Lconfig                               config       0000
__Lconst                                const        0000
__LcstackCOMRAM                         cstackCOMRAM 0000
__Ldata                                 data         0000
__LdataCOMRAM                           dataCOMRAM   0000
__Leeprom_data                          eeprom_data  0000
__Lfarbss                               farbss       0000
__Lfardata                              fardata      0000
__Lheap                                 heap         0000
__Libigdata                             ibigdata     0000
__Lidata                                idata        0000
__LidataCOMRAM                          idataCOMRAM  0000
__Lidloc                                idloc        0000
__Lifardata                             ifardata     0000
__Linit                                 init         000E
__Lintcode                              intcode      0008
__Lintcode_body                         intcode_body 0000
__Lintcodelo                            intcodelo    000E
__Lintentry                             intentry     0000
__Lintret                               intret       0000
__Lintsave_regs                         intsave_regs 0000
__Lirdata                               irdata       0000
__Lmediumconst                          mediumconst  0000
__LnvFARRAM                             nvFARRAM     0000
__Lnvbit                                nvbit        0000
__Lnvrram                               nvrram       0000
__Lparam                                rparam       0000
__Lpowerup                              powerup      000E
__Lram                                  ram          0000
__Lramtop                               ramtop       1000
__Lrbit                                 rbit         0000
__Lrbss                                 rbss         0000
__Lrdata                                rdata        0000
__Lreset_vec                            reset_vec    0000
__Lrparam                               rparam       0000
__Lsfr                                  sfr          0000
__Lsivt_hi                              sivt_hi      0000
__Lsivt_lo                              sivt_lo      0000
__Lsmallconst                           smallconst   1000
__Lspace_0                              (abs)        0000
__Lspace_1                              (abs)        0000
__Lspace_2                              (abs)        0000
__Lspace_4                              (abs)        0000
__Lstack                                stack        0000
__Lstruct                               struct       0000
__Ltemp                                 temp         0045
__Ltext                                 text         0000
__Ltext0                                text0        0000
__Ltext1                                text1        0000
__Ltext10                               text10       0000
__Ltext2                                text2        0000
__Ltext3                                text3        0000
__Ltext4                                text4        0000
__Ltext6                                text6        0000
__Ltext7                                text7        0000
__Ltext8                                text8        0000
__Ltext9                                text9        0000
__S0                                    (abs)        1302
__S1                                    (abs)        0046
__S4                                    (abs)        0000
__S5                                    (abs)        0000
___heap_hi                              (abs)        0000
___heap_lo                              (abs)        0000
___inthi_sp                             stack        0000
___inthi_stack_hi                       stack        0000
___inthi_stack_lo                       stack        0000
___intlo_sp                             stack        0000
___intlo_stack_hi                       stack        0000
___intlo_stack_lo                       stack        0000
___param_bank                           (abs)        0000
___rparam_used                          (abs)        0001
___sp                                   stack        0000
___stack_hi                             stack        0000
___stack_lo                             stack        0000
__accesstop                             (abs)        0080
__activetblptr                          (abs)        0002
__end_of_ISR_TMR0                       text10       12F4
__end_of_ISR_TMR1                       text9        12E8
__end_of_ISR_TMR2                       text8        12FC
__end_of_ISR_TMR3                       text6        126C
__end_of_InterruptManager               intcode_body 1098
__end_of_Timer3_Init                    text2        112C
__end_of_Timer3_Read                    text4        11FA
__end_of__initialization                cinit        1226
__end_of_main                           text0        129A
__end_of_timer3_DefaultInterruptHandler text7        1302
__end_of_timer3_mood_select             text3        11A2
__end_of_timer3_timer_init              text1        12BE
__initialization                        cinit        11FA
__mediumconst                           mediumconst  0000
__pbssCOMRAM                            bssCOMRAM    001F
__pcinit                                cinit        11FA
__pcstackCOMRAM                         cstackCOMRAM 003B
__pdataCOMRAM                           dataCOMRAM   0001
__pidataCOMRAM                          idataCOMRAM  12BE
__pintcode                              intcode      0008
__pintcode_body                         intcode_body 1002
__psmallconst                           smallconst   1000
__ptext0                                text0        126C
__ptext1                                text1        129A
__ptext10                               text10       12E8
__ptext2                                text2        1098
__ptext3                                text3        112C
__ptext4                                text4        11A2
__ptext6                                text6        1234
__ptext7                                text7        12FC
__ptext8                                text8        12F4
__ptext9                                text9        12DC
__ramtop                                ramtop       1000
__smallconst                            smallconst   1000
_lat_registers                          dataCOMRAM   0001
_main                                   text0        126C
_port_registers                         dataCOMRAM   000B
_preload_data                           bssCOMRAM    0033
_timer0_preload                         bssCOMRAM    002B
_timer1_preload                         bssCOMRAM    0027
_timer3_DefaultInterruptHandler         text7        12FC
_timer3_mood_select                     text3        112C
_timer3_timer_init                      text1        129A
_tmr3_counter_count                     bssCOMRAM    0025
_tmr3_counter_obj                       bssCOMRAM    0034
_tmr3_preload_data                      bssCOMRAM    001F
_tmr3_read_value                        bssCOMRAM    0039
_tmr_InterruptHandler                   bssCOMRAM    0023
_tris_registers                         dataCOMRAM   0015
btemp                                   temp         0045
end_of_initialization                   cinit        1226
int$flags                               temp         0045
int_func                                intcode_body 1002
intlevel0                               text         0000
intlevel1                               text         0000
intlevel2                               text         0000
intlevel3                               text         0000
isa$std                                 (abs)        0001
isa$xinst                               (abs)        0000
stackhi                                 (abs)        0000
stacklo                                 (abs)        0000
start                                   init         000E
start_initialization                    cinit        11FA
timer3_mood_select@_tmr                 cstackCOMRAM 003D
ttemp5                                  temp         0046
ttemp6                                  temp         0049
ttemp7                                  temp         004D
wtemp8                                  temp         0046


MODULE INFORMATION

Module		Function		Class		Link	Load	Size
MCAL/Timer2/mcal_tmr2.c
		_ISR_TMR2      		CODE           	12F4	0000	8

MCAL/Timer2/mcal_tmr2.c estimated size: 8

project.c
		_main          		CODE           	126C	0000	46
		_timer3_DefaultInterruptHandler		CODE           	12FC	0000	6
		_timer3_timer_init		CODE           	129A	0000	36

project.c estimated size: 88

shared
		__initialization		CODE           	11FA	0000	44

shared estimated size: 44

MCAL/Timer3/mcal_tmr3.c
		_timer3_mood_select		CODE           	112C	0000	118
		_Timer3_Read   		CODE           	11A2	0000	88
		_Timer3_Init   		CODE           	1098	0000	148
		_ISR_TMR3      		CODE           	1234	0000	56

MCAL/Timer3/mcal_tmr3.c estimated size: 410

MCAL/INTERRUPT/manage_interrupt.c
		_InterruptManager		CODE           	0008	0000	156

MCAL/INTERRUPT/manage_interrupt.c estimated size: 156

MCAL/Timer1/mcal_tmr1.c
		_ISR_TMR1      		CODE           	12DC	0000	12

MCAL/Timer1/mcal_tmr1.c estimated size: 12

MCAL/Timer0/mcal_timer0.c
		_ISR_TMR0      		CODE           	12E8	0000	12

MCAL/Timer0/mcal_timer0.c estimated size: 12

